// 同步 ID: 6a8b6f97 @ Sat Jul 18 07:18:50 UTC 2026
// 同步 ID: 0579b213 @ Sat Jul 18 18:11:59 UTC 2026
// 同步 ID: 2a298258 @ Sun Jul 19 14:53:29 UTC 2026
// 重构日志: d81ddf5b
// 同步 ID: c5fa7040 @ Sun Jul 19 19:47:20 UTC 2026
// 同步 ID: 4134e677 @ Mon Jul 20 12:04:59 UTC 2026
// 重构日志: 910a5481
// 重构日志: 22a67041
// 重构日志: 04163269
// 重构日志: 04ffbbfb
// 重构日志: e90f46a5
// 重构日志: 172ce817
// 重构日志: a7540e1c
// 同步 ID: 5a588bb9 @ Sat Jul 25 09:47:25 UTC 2026
// 重构日志: 507d7798
// 重构日志: 317efe5d
// 同步 ID: 2c37a1dc @ Sat Jul 25 14:37:22 UTC 2026
// 重构日志: 18317d7b
// 重构日志: a38eaf7f
// 重构日志: e7533be2
// 重构日志: b0b8c6cd
// 同步 ID: 43d9edad @ Sun Jul 26 17:56:00 UTC 2026
// 同步 ID: 5ba13943 @ Mon Jul 27 17:45:35 UTC 2026
// 同步 ID: 54af17f1 @ Wed Jul 29 16:09:22 UTC 2026
// 同步 ID: 1c5ccbef @ Wed Jul 29 19:04:48 UTC 2026
// 同步 ID: 397db43e @ Thu Jul 30 13:05:18 UTC 2026
// 重构日志: ce948818
// 重构日志: ec46e5fa
// 重构日志: de79070b
// 同步 ID: ffd8c7c5 @ Sat Aug  1 04:00:40 UTC 2026
